// Jest Snapshot v1, https://goo.gl/fbAQLP

exports[`<Hr /> should render the <Hr /> component 1`] = `<Hr__HrStyled />`;

exports[`<Hr /> should render the <HrStyled /> 1`] = `
<StyledComponent
  forwardedClass={
    Object {
      "$$typeof": Symbol(react.forward_ref),
      "attrs": Array [],
      "componentStyle": ComponentStyle {
        "componentId": "Hr__HrStyled-f1idh1-0",
        "isStatic": false,
        "rules": Array [
          [Function],
          ";",
        ],
      },
      "displayName": "Hr__HrStyled",
      "render": [Function],
      "styledComponentId": "Hr__HrStyled-f1idh1-0",
      "target": "hr",
      "toString": [Function],
      "warnTooManyClasses": [Function],
      "withComponent": [Function],
    }
  }
  forwardedRef={null}
  theme={Object {}}
/>
`;
