// Jest Snapshot v1, https://goo.gl/fbAQLP

exports[`<LinearGradient /> should render the component 1`] = `
<StyledComponent
  forwardedClass={
    Object {
      "$$typeof": Symbol(react.forward_ref),
      "attrs": Array [],
      "componentStyle": ComponentStyle {
        "componentId": "LinearGradient-sc-1knkr14-0",
        "isStatic": true,
        "rules": Array [
          "display:block;height:0;width:0;",
        ],
      },
      "displayName": "LinearGradient",
      "render": [Function],
      "styledComponentId": "LinearGradient-sc-1knkr14-0",
      "target": [Function],
      "toString": [Function],
      "warnTooManyClasses": [Function],
      "withComponent": [Function],
      Symbol(Symbol.hasInstance): [Function],
    }
  }
  forwardedRef={null}
  id="gradient"
  stops={
    Array [
      Object {
        "offset": "5%",
        "stopColor": "#daa357",
        "stopOpacity": 0.8,
      },
      Object {
        "offset": "95%",
        "stopColor": "rgb(219,112,147)",
        "stopOpacity": 0,
      },
    ]
  }
/>
`;
