// Jest Snapshot v1, https://goo.gl/fbAQLP

exports[`<LinearGradient /> should render the component 1`] = `
<LinearGradient
  className="LinearGradient-dktdSo jITXaF"
  id="gradient"
  stops={
    Array [
      Object {
        "offset": "5%",
        "stopColor": "#daa357",
        "stopOpacity": 0.8,
      },
      Object {
        "offset": "95%",
        "stopColor": "rgb(219,112,147)",
        "stopOpacity": 0,
      },
    ]
  }
/>
`;
