// Jest Snapshot v1, https://goo.gl/fbAQLP

exports[`<Switch /> Switch: should render component with given props 1`] = `
<StyledComponent
  active={true}
  forwardedClass={
    Object {
      "$$typeof": Symbol(react.forward_ref),
      "attrs": Array [],
      "componentStyle": ComponentStyle {
        "componentId": "SwitchStyled-rZBzA",
        "isStatic": false,
        "rules": Array [
          "display:flex;align-items:center;label{margin-bottom:0;margin-right:",
          [Function],
          ";}.react-switch-bg{",
          [Function],
          ";}",
        ],
      },
      "displayName": "SwitchStyled",
      "render": [Function],
      "styledComponentId": "SwitchStyled-rZBzA",
      "target": "div",
      "toString": [Function],
      "warnTooManyClasses": [Function],
      "withComponent": [Function],
    }
  }
  forwardedRef={null}
>
  <label
    htmlFor="someId"
  >
    <Text
      as="span"
    >
      Some Text
    </Text>
  </label>
  <ReactSwitch
    activeBoxShadow="0px 0px 1px 5px rgba(255, 255, 255, 0.2)"
    boxShadow={null}
    checked={true}
    checkedIcon={false}
    className="react-switch"
    disabled={true}
    height={42}
    id="someId"
    offColor="#d5d5d5"
    offHandleColor="#fff"
    onChange={[Function]}
    onColor="#f00"
    onHandleColor="#fff"
    uncheckedIcon={false}
    width={80}
  />
</StyledComponent>
`;

exports[`<Switch /> should render the component 1`] = `
<SwitchStyled
  active={false}
>
  <ReactSwitch
    activeBoxShadow="0px 0px 1px 5px rgba(255, 255, 255, 0.2)"
    boxShadow={null}
    checked={false}
    checkedIcon={false}
    className="react-switch"
    disabled={false}
    height={22}
    offColor="#292d33"
    offHandleColor="#fff"
    onChange={[Function]}
    onColor="#3f9bfd"
    onHandleColor="#fff"
    uncheckedIcon={false}
    width={40}
  />
</SwitchStyled>
`;
