// Jest Snapshot v1, https://goo.gl/fbAQLP

exports[`<ComposedTabs /> should render the component 1`] = `
<HorizontalTabContainer
  active={0}
  onClick={[Function]}
  options={
    Object {
      "forecast": <Text
        as="p"
    >
        Lorem Ipsum is simply dummy text of the printing and typesetting industry.
    </Text>,
      "history": <Text
        as="p"
    >
        There are many variations of passages of Lorem Ipsum available, but the majority have suffered alteration in some form, by injected humour.
    </Text>,
    }
  }
/>
`;
