// Jest Snapshot v1, https://goo.gl/fbAQLP

exports[`AccordionItemContentStyled should render the component 1`] = `
<StyledComponent
  forwardedClass={
    Object {
      "$$typeof": Symbol(react.forward_ref),
      "attrs": Array [],
      "componentStyle": ComponentStyle {
        "componentId": "AccordionItemContent__AccordionItemContentStyled-sc-3eyktt-0",
        "isStatic": true,
        "rules": Array [
          "padding:10px 0 10px 0;",
        ],
      },
      "displayName": "AccordionItemContent__AccordionItemContentStyled",
      "render": [Function],
      "styledComponentId": "AccordionItemContent__AccordionItemContentStyled-sc-3eyktt-0",
      "target": "div",
      "toString": [Function],
      "warnTooManyClasses": [Function],
      "withComponent": [Function],
    }
  }
  forwardedRef={null}
/>
`;
