// Jest Snapshot v1, https://goo.gl/fbAQLP

exports[`<ForecastAdjustmentsHistoryDataTable /> should render the component 1`] = `
<Styled(Styled(Table))
  data={Array []}
  pagination={false}
>
  <TableHeaderColumn
    className=""
    columnClassName=""
    columnTitle={false}
    csvFieldType="string"
    csvHeader="zone_ids"
    dataAlign="left"
    dataField="zone_ids"
    dataFormat={[Function]}
    dataSort={false}
    defaultASC={false}
    editColumnClassName=""
    editable={true}
    expandable={true}
    filterFormatted={false}
    headerTitle={true}
    hidden={false}
    hiddenOnInsert={false}
    invalidEditColumnClassName=""
    isKey={true}
    keyValidator={false}
    searchable={true}
    sortIndicator={true}
    width={null}
  >
    Zone
  </TableHeaderColumn>
  <TableHeaderColumn
    className=""
    columnClassName=""
    columnTitle={false}
    csvFieldType="string"
    csvHeader="forecast_dates"
    dataAlign="left"
    dataField="forecast_dates"
    dataFormat={[Function]}
    dataSort={false}
    defaultASC={false}
    editColumnClassName=""
    editable={true}
    expandable={true}
    filterFormatted={false}
    headerTitle={true}
    hidden={false}
    hiddenOnInsert={false}
    invalidEditColumnClassName=""
    isKey={false}
    keyValidator={false}
    searchable={true}
    sortIndicator={true}
    width={null}
  >
    Date
  </TableHeaderColumn>
  <TableHeaderColumn
    className=""
    columnClassName=""
    columnTitle={false}
    csvFieldType="string"
    csvHeader="start_time"
    dataAlign="left"
    dataField="start_time"
    dataSort={false}
    defaultASC={false}
    editColumnClassName=""
    editable={true}
    expandable={true}
    filterFormatted={false}
    headerTitle={true}
    hidden={false}
    hiddenOnInsert={false}
    invalidEditColumnClassName=""
    isKey={false}
    keyValidator={false}
    searchable={true}
    sortIndicator={true}
    width={null}
  >
    From Time
  </TableHeaderColumn>
  <TableHeaderColumn
    className=""
    columnClassName=""
    columnTitle={false}
    csvFieldType="string"
    csvHeader="end_time"
    dataAlign="left"
    dataField="end_time"
    dataSort={false}
    defaultASC={false}
    editColumnClassName=""
    editable={true}
    expandable={true}
    filterFormatted={false}
    headerTitle={true}
    hidden={false}
    hiddenOnInsert={false}
    invalidEditColumnClassName=""
    isKey={false}
    keyValidator={false}
    searchable={true}
    sortIndicator={true}
    width={null}
  >
    To Time
  </TableHeaderColumn>
  <TableHeaderColumn
    className=""
    columnClassName=""
    columnTitle={false}
    csvFieldType="string"
    csvHeader="version"
    dataAlign="left"
    dataField="applies_to"
    dataFormat={[Function]}
    dataSort={false}
    defaultASC={false}
    editColumnClassName=""
    editable={true}
    expandable={true}
    filterFormatted={false}
    headerTitle={true}
    hidden={false}
    hiddenOnInsert={false}
    invalidEditColumnClassName=""
    isKey={false}
    keyValidator={false}
    searchable={true}
    sortIndicator={true}
    width={null}
  >
    Version
  </TableHeaderColumn>
  <TableHeaderColumn
    className=""
    columnClassName=""
    columnTitle={false}
    csvFieldType="string"
    csvHeader="adjust_by"
    dataAlign="left"
    dataField="adjust_by"
    dataSort={false}
    defaultASC={false}
    editColumnClassName=""
    editable={true}
    expandable={true}
    filterFormatted={false}
    headerTitle={true}
    hidden={false}
    hiddenOnInsert={false}
    invalidEditColumnClassName=""
    isKey={false}
    keyValidator={false}
    searchable={true}
    sortIndicator={true}
    width={null}
  >
    Adj. %
  </TableHeaderColumn>
  <TableHeaderColumn
    className=""
    columnClassName=""
    columnTitle={false}
    csvFieldType="string"
    csvHeader="reason"
    dataAlign="left"
    dataField="reason"
    dataSort={false}
    defaultASC={false}
    editColumnClassName=""
    editable={true}
    expandable={true}
    filterFormatted={false}
    headerTitle={true}
    hidden={false}
    hiddenOnInsert={false}
    invalidEditColumnClassName=""
    isKey={false}
    keyValidator={false}
    searchable={true}
    sortIndicator={true}
    width={null}
  >
    Reason
  </TableHeaderColumn>
  <TableHeaderColumn
    className=""
    columnClassName=""
    columnTitle={false}
    csvFieldType="string"
    csvHeader="created"
    dataAlign="left"
    dataField="created_at"
    dataFormat={[Function]}
    dataSort={false}
    defaultASC={false}
    editColumnClassName=""
    editable={true}
    expandable={true}
    filterFormatted={false}
    headerTitle={true}
    hidden={false}
    hiddenOnInsert={false}
    invalidEditColumnClassName=""
    isKey={false}
    keyValidator={false}
    searchable={true}
    sortIndicator={true}
    width={null}
  >
    Created at
  </TableHeaderColumn>
  <TableHeaderColumn
    className=""
    columnClassName=""
    columnTitle={false}
    csvFieldType="string"
    csvHeader="active"
    dataAlign="left"
    dataField="active"
    dataFormat={[Function]}
    dataSort={false}
    defaultASC={false}
    editColumnClassName=""
    editable={true}
    expandable={true}
    filterFormatted={false}
    headerTitle={true}
    hidden={false}
    hiddenOnInsert={false}
    invalidEditColumnClassName=""
    isKey={false}
    keyValidator={false}
    searchable={true}
    sortIndicator={true}
    width={null}
  >
    Status
  </TableHeaderColumn>
</Styled(Styled(Table))>
`;
