// Jest Snapshot v1, https://goo.gl/fbAQLP

exports[`<ForecastAdjustmentPreviewTable /> should render the component 1`] = `
<div>
  <Styled(Table)
    data={Array []}
    pagination={false}
  >
    <TableHeaderColumn
      className=""
      columnClassName=""
      columnTitle={false}
      csvFieldType="string"
      csvHeader="date"
      dataAlign="left"
      dataField="date"
      dataFormat={[Function]}
      dataSort={false}
      defaultASC={false}
      editColumnClassName=""
      editable={true}
      expandable={true}
      filterFormatted={false}
      headerTitle={true}
      hidden={false}
      hiddenOnInsert={false}
      invalidEditColumnClassName=""
      isKey={true}
      keyValidator={false}
      searchable={true}
      sortIndicator={true}
      width={null}
    >
      Date
    </TableHeaderColumn>
    <TableHeaderColumn
      className=""
      columnClassName=""
      columnTitle={false}
      csvFieldType="string"
      csvHeader="time"
      dataAlign="left"
      dataField="time"
      dataFormat={[Function]}
      dataSort={false}
      defaultASC={false}
      editColumnClassName=""
      editable={true}
      expandable={true}
      filterFormatted={false}
      headerTitle={true}
      hidden={false}
      hiddenOnInsert={false}
      invalidEditColumnClassName=""
      isKey={false}
      keyValidator={false}
      searchable={true}
      sortIndicator={true}
      width={null}
    >
      Time
    </TableHeaderColumn>
    <TableHeaderColumn
      className=""
      columnClassName=""
      columnTitle={false}
      csvFieldType="string"
      csvHeader="originalFC"
      dataAlign="left"
      dataField="originalFC"
      dataFormat={[Function]}
      dataSort={false}
      defaultASC={false}
      editColumnClassName=""
      editable={true}
      expandable={true}
      filterFormatted={false}
      headerTitle={true}
      hidden={false}
      hiddenOnInsert={false}
      invalidEditColumnClassName=""
      isKey={false}
      keyValidator={false}
      searchable={true}
      sortIndicator={true}
      width={null}
    >
      Original FC
    </TableHeaderColumn>
    <TableHeaderColumn
      className=""
      columnClassName=""
      columnTitle={false}
      csvFieldType="string"
      csvHeader="adjustedFC"
      dataAlign="left"
      dataField="adjustedFC"
      dataFormat={[Function]}
      dataSort={false}
      defaultASC={false}
      editColumnClassName=""
      editable={true}
      expandable={true}
      filterFormatted={false}
      headerTitle={true}
      hidden={false}
      hiddenOnInsert={false}
      invalidEditColumnClassName=""
      isKey={false}
      keyValidator={false}
      searchable={true}
      sortIndicator={true}
      width={null}
    >
      Adjusted FC
    </TableHeaderColumn>
  </Styled(Table)>
</div>
`;
