// Jest Snapshot v1, https://goo.gl/fbAQLP

exports[`<ForecastDataTable /> cellFormatter should render the cell component 1`] = `
<styled.div
  className="selected sc-ifAKCX deIPf"
  onClick={[Function]}
>
  <styled.div
    style={
      Object {
        "width": "76.11940298507463%",
      }
    }
  />
  <span>
    51
  </span>
  <span
    className="percents"
  >
    -16%
  </span>
</styled.div>
`;

exports[`<ForecastDataTable /> should render the component 1`] = `
<Styled(Styled(Table))
  data={
    Array [
      Object {
        "1": Object {
          "change": -16,
          "value": 51,
        },
        "2": Object {
          "change": 100,
          "value": 55,
        },
        "3": Object {
          "change": 354,
          "value": 59,
        },
        "4": Object {
          "change": 215,
          "value": 63,
        },
        "5": Object {
          "change": 857,
          "value": 67,
        },
        "6": Object {
          "value": undefined,
        },
        "7": Object {
          "value": undefined,
        },
        "total": Object {
          "change": 54,
          "value": 295,
        },
        "week": "W2-18",
      },
      Object {
        "1": Object {
          "value": 61,
        },
        "2": Object {
          "value": 0,
        },
        "3": Object {
          "value": 13,
        },
        "4": Object {
          "value": 20,
        },
        "5": Object {
          "value": 7,
        },
        "6": Object {
          "change": 4200,
          "value": 43,
        },
        "7": Object {
          "change": 840,
          "value": 47,
        },
        "total": Object {
          "change": 3083,
          "value": 191,
        },
        "week": "W1-18",
      },
      Object {
        "1": Object {
          "value": undefined,
        },
        "2": Object {
          "value": undefined,
        },
        "3": Object {
          "value": undefined,
        },
        "4": Object {
          "value": undefined,
        },
        "5": Object {
          "value": undefined,
        },
        "6": Object {
          "value": 1,
        },
        "7": Object {
          "value": 5,
        },
        "total": Object {
          "value": 6,
        },
        "week": "W52-17",
      },
    ]
  }
  pagination={false}
>
  <TableHeaderColumn
    className=""
    columnClassName=""
    columnTitle={false}
    csvFieldType="string"
    csvHeader="week"
    dataAlign="center"
    dataField="week"
    dataFormat={[Function]}
    dataSort={false}
    defaultASC={false}
    editColumnClassName=""
    editable={true}
    expandable={true}
    filterFormatted={false}
    headerTitle={true}
    hidden={false}
    hiddenOnInsert={false}
    invalidEditColumnClassName=""
    isKey={true}
    keyValidator={false}
    searchable={true}
    sortIndicator={true}
    width="100px"
  >
    <StyledRadioInput
      checked={true}
      color="#6DB324"
      id="allWeeks"
      label="Week"
      onChange={[Function]}
    />
  </TableHeaderColumn>
  <TableHeaderColumn
    className=""
    columnClassName=""
    columnTitle={false}
    csvFieldType="string"
    csvHeader="Monday"
    dataAlign="center"
    dataField="1"
    dataFormat={[Function]}
    dataSort={false}
    defaultASC={false}
    editColumnClassName=""
    editable={true}
    expandable={true}
    filterFormatted={false}
    headerTitle={true}
    hidden={false}
    hiddenOnInsert={false}
    invalidEditColumnClassName=""
    isKey={false}
    key="1"
    keyValidator={false}
    searchable={true}
    sortIndicator={true}
    width={null}
  >
    Monday
  </TableHeaderColumn>
  <TableHeaderColumn
    className=""
    columnClassName=""
    columnTitle={false}
    csvFieldType="string"
    csvHeader="Tuesday"
    dataAlign="center"
    dataField="2"
    dataFormat={[Function]}
    dataSort={false}
    defaultASC={false}
    editColumnClassName=""
    editable={true}
    expandable={true}
    filterFormatted={false}
    headerTitle={true}
    hidden={false}
    hiddenOnInsert={false}
    invalidEditColumnClassName=""
    isKey={false}
    key="2"
    keyValidator={false}
    searchable={true}
    sortIndicator={true}
    width={null}
  >
    Tuesday
  </TableHeaderColumn>
  <TableHeaderColumn
    className=""
    columnClassName=""
    columnTitle={false}
    csvFieldType="string"
    csvHeader="Wednesday"
    dataAlign="center"
    dataField="3"
    dataFormat={[Function]}
    dataSort={false}
    defaultASC={false}
    editColumnClassName=""
    editable={true}
    expandable={true}
    filterFormatted={false}
    headerTitle={true}
    hidden={false}
    hiddenOnInsert={false}
    invalidEditColumnClassName=""
    isKey={false}
    key="3"
    keyValidator={false}
    searchable={true}
    sortIndicator={true}
    width={null}
  >
    Wednesday
  </TableHeaderColumn>
  <TableHeaderColumn
    className=""
    columnClassName=""
    columnTitle={false}
    csvFieldType="string"
    csvHeader="Thursday"
    dataAlign="center"
    dataField="4"
    dataFormat={[Function]}
    dataSort={false}
    defaultASC={false}
    editColumnClassName=""
    editable={true}
    expandable={true}
    filterFormatted={false}
    headerTitle={true}
    hidden={false}
    hiddenOnInsert={false}
    invalidEditColumnClassName=""
    isKey={false}
    key="4"
    keyValidator={false}
    searchable={true}
    sortIndicator={true}
    width={null}
  >
    Thursday
  </TableHeaderColumn>
  <TableHeaderColumn
    className=""
    columnClassName=""
    columnTitle={false}
    csvFieldType="string"
    csvHeader="Friday"
    dataAlign="center"
    dataField="5"
    dataFormat={[Function]}
    dataSort={false}
    defaultASC={false}
    editColumnClassName=""
    editable={true}
    expandable={true}
    filterFormatted={false}
    headerTitle={true}
    hidden={false}
    hiddenOnInsert={false}
    invalidEditColumnClassName=""
    isKey={false}
    key="5"
    keyValidator={false}
    searchable={true}
    sortIndicator={true}
    width={null}
  >
    Friday
  </TableHeaderColumn>
  <TableHeaderColumn
    className=""
    columnClassName=""
    columnTitle={false}
    csvFieldType="string"
    csvHeader="Saturday"
    dataAlign="center"
    dataField="6"
    dataFormat={[Function]}
    dataSort={false}
    defaultASC={false}
    editColumnClassName=""
    editable={true}
    expandable={true}
    filterFormatted={false}
    headerTitle={true}
    hidden={false}
    hiddenOnInsert={false}
    invalidEditColumnClassName=""
    isKey={false}
    key="6"
    keyValidator={false}
    searchable={true}
    sortIndicator={true}
    width={null}
  >
    Saturday
  </TableHeaderColumn>
  <TableHeaderColumn
    className=""
    columnClassName=""
    columnTitle={false}
    csvFieldType="string"
    csvHeader="Sunday"
    dataAlign="center"
    dataField="7"
    dataFormat={[Function]}
    dataSort={false}
    defaultASC={false}
    editColumnClassName=""
    editable={true}
    expandable={true}
    filterFormatted={false}
    headerTitle={true}
    hidden={false}
    hiddenOnInsert={false}
    invalidEditColumnClassName=""
    isKey={false}
    key="7"
    keyValidator={false}
    searchable={true}
    sortIndicator={true}
    width={null}
  >
    Sunday
  </TableHeaderColumn>
  <TableHeaderColumn
    className=""
    columnClassName=""
    columnTitle={false}
    csvFieldType="string"
    csvHeader="total"
    dataAlign="center"
    dataField="total"
    dataFormat={[Function]}
    dataSort={false}
    defaultASC={false}
    editColumnClassName=""
    editable={true}
    expandable={true}
    filterFormatted={false}
    headerTitle={true}
    hidden={false}
    hiddenOnInsert={false}
    invalidEditColumnClassName=""
    isKey={false}
    keyValidator={false}
    searchable={true}
    sortIndicator={true}
    width={null}
  >
    Total
  </TableHeaderColumn>
</Styled(Styled(Table))>
`;
