// Jest Snapshot v1, https://goo.gl/fbAQLP

exports[`<ForecastStyledRadioInput /> should render the component 1`] = `
<Styled(styled.div)>
  <input
    checked={true}
    id="123"
    onChange={[Function]}
    type="checkbox"
  />
  <label
    htmlFor="123"
  >
    Label
  </label>
</Styled(styled.div)>
`;
