// Jest Snapshot v1, https://goo.gl/fbAQLP

exports[`AvatarStyled should render the component with default size 1`] = `
<div
  className="AvatarStyled-ekKVdS gIWdTz"
  size="md"
/>
`;

exports[`AvatarStyled should render the component with large size 1`] = `
<div
  className="AvatarStyled-ekKVdS dgAlzy"
  size="lg"
/>
`;

exports[`AvatarStyled should render the component with small size 1`] = `
<div
  className="AvatarStyled-ekKVdS xdyLw"
  size="sm"
/>
`;
