// Jest Snapshot v1, https://goo.gl/fbAQLP

exports[`<DrawerCloseButtonStyled /> should render the component 1`] = `
<StyledComponent
  forwardedClass={
    Object {
      "$$typeof": Symbol(react.forward_ref),
      "attrs": Array [],
      "componentStyle": ComponentStyle {
        "componentId": "DrawerCloseButton__DrawerCloseButtonStyled-q1jtxn-0",
        "isStatic": true,
        "rules": Array [
          "cursor:pointer;",
        ],
      },
      "displayName": "DrawerCloseButton__DrawerCloseButtonStyled",
      "render": [Function],
      "styledComponentId": "DrawerCloseButton__DrawerCloseButtonStyled-q1jtxn-0",
      "target": "a",
      "toString": [Function],
      "warnTooManyClasses": [Function],
      "withComponent": [Function],
    }
  }
  forwardedRef={null}
/>
`;
