// Jest Snapshot v1, https://goo.gl/fbAQLP

exports[`<DrawerCloseButton /> should render the component 1`] = `
<DrawerCloseButton__DrawerCloseButtonStyled
  onClick={[Function]}
>
  <Close
    className="Close"
    height="16"
    viewBox="0 0 16 16"
    width="16"
    xmlns="http://www.w3.org/2000/svg"
  />
</DrawerCloseButton__DrawerCloseButtonStyled>
`;
