// Jest Snapshot v1, https://goo.gl/fbAQLP

exports[`<VerticalTab /> should render the component 1`] = `
<VerticalWrapperStyled>
  <VerticalSidebarStyled>
    <WithTheme(VerticalTabButtonList)
      activeTab={0}
      onClick={[Function]}
      options={
        Array [
          "forecast",
          "history",
        ]
      }
    />
  </VerticalSidebarStyled>
  <VerticalTabContainerList
    activeTab={0}
    options={
      Array [
        <Text
          as="p"
      >
          Lorem Ipsum is simply dummy text of the printing and typesetting industry.
      </Text>,
        <Text
          as="p"
      >
          There are many variations of passages of Lorem Ipsum available, but the majority have suffered alteration in some form, by injected humour.
      </Text>,
      ]
    }
  />
</VerticalWrapperStyled>
`;
