// Jest Snapshot v1, https://goo.gl/fbAQLP

exports[`<VerticalTabButtonList /> should render the component 1`] = `
<Fragment>
  <VerticalButtonStyled__VerticalTabButtonStyled
    isActive={true}
    key="ComposedVerticalTabButton-Forecast"
  >
    <Text
      as="span"
      margin="0"
      style={
        Object {
          "flex": 1,
          "textDecoration": "none",
        }
      }
      truncate={true}
    >
      Forecast
    </Text>
    <Fade
      duration={300}
      left={true}
      when={true}
    >
      <span>
        <ArrowRight
          height="6"
          viewBox="0 0 13 6"
          width="13"
          xmlns="http://www.w3.org/2000/svg"
        />
      </span>
    </Fade>
  </VerticalButtonStyled__VerticalTabButtonStyled>
  <VerticalButtonStyled__VerticalTabButtonStyled
    isActive={false}
    key="ComposedVerticalTabButton-History"
  >
    <Text
      as="span"
      margin="0"
      style={
        Object {
          "flex": 1,
          "textDecoration": "none",
        }
      }
      truncate={true}
    >
      History
    </Text>
    <Fade
      duration={300}
      left={true}
      when={false}
    >
      <span>
        <ArrowRight
          height="6"
          viewBox="0 0 13 6"
          width="13"
          xmlns="http://www.w3.org/2000/svg"
        />
      </span>
    </Fade>
  </VerticalButtonStyled__VerticalTabButtonStyled>
</Fragment>
`;
