// Jest Snapshot v1, https://goo.gl/fbAQLP

exports[`<VerticalButtonStyled /> should render the component 1`] = `
<a
  className="VerticalButtonStyled__VerticalTabButtonStyled-xiMYt iIPbfq"
/>
`;

exports[`<VerticalButtonStyled /> should render the component with \`isActive\` prop as true 1`] = `
<a
  className="VerticalButtonStyled__VerticalTabButtonStyled-xiMYt ewQpgd"
/>
`;
