// Jest Snapshot v1, https://goo.gl/fbAQLP

exports[`<VerticalWrapperStyled /> should render the component 1`] = `
<StyledComponent
  forwardedClass={
    Object {
      "$$typeof": Symbol(react.forward_ref),
      "attrs": Array [],
      "componentStyle": ComponentStyle {
        "componentId": "VerticalWrapperStyled-lnew4d-0",
        "isStatic": true,
        "rules": Array [
          "display:flex;height:100%;width:100%;",
        ],
      },
      "displayName": "VerticalWrapperStyled",
      "render": [Function],
      "styledComponentId": "VerticalWrapperStyled-lnew4d-0",
      "target": "div",
      "toString": [Function],
      "warnTooManyClasses": [Function],
      "withComponent": [Function],
    }
  }
  forwardedRef={null}
/>
`;
