// Jest Snapshot v1, https://goo.gl/fbAQLP

exports[`<VerticalSidebarStyled /> should render the component 1`] = `
<StyledComponent
  forwardedClass={
    Object {
      "$$typeof": Symbol(react.forward_ref),
      "attrs": Array [],
      "componentStyle": ComponentStyle {
        "componentId": "VerticalSidebarStyled-sc-1grnras-0",
        "isStatic": false,
        "rules": Array [
          "background-color:",
          [Function],
          ";min-width:220px;",
        ],
      },
      "displayName": "VerticalSidebarStyled",
      "render": [Function],
      "styledComponentId": "VerticalSidebarStyled-sc-1grnras-0",
      "target": "div",
      "toString": [Function],
      "warnTooManyClasses": [Function],
      "withComponent": [Function],
    }
  }
  forwardedRef={null}
/>
`;
