// Jest Snapshot v1, https://goo.gl/fbAQLP

exports[`<Modal /> should handle modal with small size 1`] = `
<ContextConsumer>
  <Component />
</ContextConsumer>
`;

exports[`<Modal /> should open the modal with showModal prop set as true 1`] = `
<ContextConsumer>
  <Component />
</ContextConsumer>
`;

exports[`<Modal /> should render the component 1`] = `
<ContextConsumer>
  <Component />
</ContextConsumer>
`;
